16:30:33 **** Incremental Build of configuration Debug for project 12_timers ****
make -j22 all 
arm-none-eabi-gcc "../Src/main.c" -mcpu=cortex-m4 -std=gnu11 -g3 -DDEBUG -DSTM32 -DSTM32F4 -DSTM32F446RETx -DSTM32F446xx -c -I../Inc -I"C:/Users/victo/Documents/stm32_baremetal/documentation/chip_headers/CMSIS/Device/ST/STM32F4xx/Include" -I"C:/Users/victo/Documents/stm32_baremetal/documentation/chip_headers/CMSIS/Include" -O0 -ffunction-sections -fdata-sections -Wall -fstack-usage -fcyclomatic-complexity -MMD -MP -MF"Src/main.d" -MT"Src/main.o" --specs=nano.specs -mfpu=fpv4-sp-d16 -mfloat-abi=hard -mthumb -o "Src/main.o"
arm-none-eabi-gcc -o "12_timers.elf" @"objects.list"   -mcpu=cortex-m4 -T"C:\Users\victo\Documents\stm32_baremetal\documentation\12_timers\STM32F446RETX_FLASH.ld" --specs=nosys.specs -Wl,-Map="12_timers.map" -Wl,--gc-sections -static --specs=nano.specs -mfpu=fpv4-sp-d16 -mfloat-abi=hard -mthumb -Wl,--start-group -lc -lm -Wl,--end-group
Finished building target: 12_timers.elf
 
arm-none-eabi-size  12_timers.elf 
arm-none-eabi-objdump -h -S 12_timers.elf  > "12_timers.list"
   text	   data	    bss	    dec	    hex	filename
    880	      0	   1568	   2448	    990	12_timers.elf
Finished building: default.size.stdout
 
Finished building: 12_timers.list
 
16:31:13 **** Building Selected Files of configuration Debug for project 12_timers ****
Info: Internal Builder is used for build
arm-none-eabi-gcc "..\\Src\\main.c" -mcpu=cortex-m4 -std=gnu11 -g3 -DDEBUG -DSTM32 -DSTM32F4 -DSTM32F446RETx -DSTM32F446xx -c -I../Inc "-IC:\\Users\\victo\\Documents\\stm32_baremetal\\documentation\\chip_headers\\CMSIS\\Device\\ST\\STM32F4xx\\Include" "-IC:\\Users\\victo\\Documents\\stm32_baremetal\\documentation\\chip_headers\\CMSIS\\Include" -O0 -ffunction-sections -fdata-sections -Wall -fstack-usage -fcyclomatic-complexity --specs=nano.specs -mfpu=fpv4-sp-d16 -mfloat-abi=hard -mthumb -o "Src\\main.o" 
16:32:05 **** Incremental Build of configuration Debug for project 12_timers ****
make -j22 all 
arm-none-eabi-gcc "../Src/main.c" -mcpu=cortex-m4 -std=gnu11 -g3 -DDEBUG -DSTM32 -DSTM32F4 -DSTM32F446RETx -DSTM32F446xx -c -I../Inc -I"C:/Users/victo/Documents/stm32_baremetal/documentation/chip_headers/CMSIS/Device/ST/STM32F4xx/Include" -I"C:/Users/victo/Documents/stm32_baremetal/documentation/chip_headers/CMSIS/Include" -O0 -ffunction-sections -fdata-sections -Wall -fstack-usage -fcyclomatic-complexity -MMD -MP -MF"Src/main.d" -MT"Src/main.o" --specs=nano.specs -mfpu=fpv4-sp-d16 -mfloat-abi=hard -mthumb -o "Src/main.o"
arm-none-eabi-gcc -o "12_timers.elf" @"objects.list"   -mcpu=cortex-m4 -T"C:\Users\victo\Documents\stm32_baremetal\documentation\12_timers\STM32F446RETX_FLASH.ld" --specs=nosys.specs -Wl,-Map="12_timers.map" -Wl,--gc-sections -static --specs=nano.specs -mfpu=fpv4-sp-d16 -mfloat-abi=hard -mthumb -Wl,--start-group -lc -lm -Wl,--end-group
Finished building target: 12_timers.elf
 
arm-none-eabi-size  12_timers.elf 
arm-none-eabi-objdump -h -S 12_timers.elf  > "12_timers.list"
   text	   data	    bss	    dec	    hex	filename
    880	      0	   1568	   2448	    990	12_timers.elf
Finished building: default.size.stdout
 
Finished building: 12_timers.list
 
16:32:09 **** Incremental Build of configuration Debug for project 12_timers ****
make -j22 all 
arm-none-eabi-size  12_timers.elf 
   text	   data	    bss	    dec	    hex	filename
    880	      0	   1568	   2448	    990	12_timers.elf
Finished building: default.size.stdout
 
